
> khargny@1.0.0 build
> next build

   Γû▓ Next.js 16.0.10 (Turbopack)
   - Environments: .env.production.local
   - Experiments (use with caution):
     ┬╖ clientTraceMetadata

   Creating an optimized production build ...
node.exe : 
At line:1 char:1
+ & "F:\Programs\Nodejs/node.exe" 
"F:\Programs\Nodejs/node_modules/npm/ ...
+ ~~~~~~~~~~~~~~~~~~~~~~~~~~~~~~~~~~~~~~~~~
~~~~~~~~~~~~~~~~~~~~~~~~~~~~
    + CategoryInfo          : NotSpecified 
   : (:String) [], RemoteException
    + FullyQualifiedErrorId : NativeComman 
   dError
 
> Build error occurred
Error: Turbopack build failed with 2 
errors:
./src/graphql/mutations.ts:2:1
Export CONTACT_RESPONSE_FIELDS doesn't 
exist in target module
[0m [90m  1 |[39m [36mimport[39m { 
gql } [36mfrom[39m 
[32m"@apollo/client"[39m[33m;[39m
[31m[1m>[22m[39m[90m  2 |[39m 
[36mimport[39m {
 [90m    |[39m [31m[1m^[22m[39m[31m
[1m^[22m[39m[31m[1m^[22m[39m[31m[1m
^[22m[39m[31m[1m^[22m[39m[31m[1m^[
22m[39m[31m[1m^[22m[39m[31m[1m^[22m
[39m
[31m[1m>[22m[39m[90m  3 |[39m   
[33mPLACE_BASIC_FIELDS[39m[33m,[39m
 [90m    |[39m [31m[1m^[22m[39m[31m
[1m^[22m[39m[31m[1m^[22m[39m[31m[1m
^[22m[39m[31m[1m^[22m[39m[31m[1m^[
22m[39m[31m[1m^[22m[39m[31m[1m^[22m
[39m[31m[1m^[22m[39m[31m[1m^[22m[3
9m[31m[1m^[22m[39m[31m[1m^[22m[39m
[31m[1m^[22m[39m[31m[1m^[22m[39m[31
m[1m^[22m[39m[31m[1m^[22m[39m[31m[
1m^[22m[39m[31m[1m^[22m[39m[31m[1m^
[22m[39m[31m[1m^[22m[39m[31m[1m^[2
2m[39m
[31m[1m>[22m[39m[90m  4 |[39m   
[33mPLACE_EXTENDED_FIELDS[39m[33m,[39m
 [90m    |[39m [31m[1m^[22m[39m[31m
[1m^[22m[39m[31m[1m^[22m[39m[31m[1m
^[22m[39m[31m[1m^[22m[39m[31m[1m^[
22m[39m[31m[1m^[22m[39m[31m[1m^[22m
[39m[31m[1m^[22m[39m[31m[1m^[22m[3
9m[31m[1m^[22m[39m[31m[1m^[22m[39m
[31m[1m^[22m[39m[31m[1m^[22m[39m[31
m[1m^[22m[39m[31m[1m^[22m[39m[31m[
1m^[22m[39m[31m[1m^[22m[39m[31m[1m^
[22m[39m[31m[1m^[22m[39m[31m[1m^[2
2m[39m
[31m[1m>[22m[39m[90m  5 |[39m   
[33mPLACE_MEDIA_FIELDS[39m[33m,[39m
 [90m    |[39m [31m[1m^[22m[39m[31m
[1m^[22m[39m[31m[1m^[22m[39m[31m[1m
^[22m[39m[31m[1m^[22m[39m[31m[1m^[
22m[39m[31m[1m^[22m[39m[31m[1m^[22m
[39m[31m[1m^[22m[39m[31m[1m^[22m[3
9m[31m[1m^[22m[39m[31m[1m^[22m[39m
[31m[1m^[22m[39m[31m[1m^[22m[39m[31
m[1m^[22m[39m[31m[1m^[22m[39m[31m[
1m^[22m[39m[31m[1m^[22m[39m[31m[1m^
[22m[39m[31m[1m^[22m[39m[31m[1m^[2
2m[39m
[31m[1m>[22m[39m[90m  6 |[39m   [33m
CONTACT_RESPONSE_FIELDS[39m[33m,[39m
 [90m    |[39m [31m[1m^[22m[39m[31m
[1m^[22m[39m[31m[1m^[22m[39m[31m[1m
^[22m[39m[31m[1m^[22m[39m[31m[1m^[
22m[39m[31m[1m^[22m[39m[31m[1m^[22m
[39m[31m[1m^[22m[39m[31m[1m^[22m[3
9m[31m[1m^[22m[39m[31m[1m^[22m[39m
[31m[1m^[22m[39m[31m[1m^[22m[39m[31
m[1m^[22m[39m[31m[1m^[22m[39m[31m[
1m^[22m[39m[31m[1m^[22m[39m[31m[1m^
[22m[39m[31m[1m^[22m[39m[31m[1m^[2
2m[39m
[31m[1m>[22m[39m[90m  7 |[39m } 
[36mfrom[39m 
[32m"./fragments"[39m[33m;[39m
 [90m    |[39m [31m[1m^[22m[39m[31m
[1m^[22m[39m[31m[1m^[22m[39m[31m[1m
^[22m[39m[31m[1m^[22m[39m[31m[1m^[
22m[39m[31m[1m^[22m[39m[31m[1m^[22m
[39m[31m[1m^[22m[39m[31m[1m^[22m[3
9m[31m[1m^[22m[39m[31m[1m^[22m[39m
[31m[1m^[22m[39m[31m[1m^[22m[39m[31
m[1m^[22m[39m[31m[1m^[22m[39m[31m[
1m^[22m[39m[31m[1m^[22m[39m[31m[1m^
[22m[39m[31m[1m^[22m[39m[31m[1m^[2
2m[39m[31m[1m^[22m[39m
 [90m  8 |[39m
 [90m  9 |[39m [90m/**[39m
 [90m 10 |[39m [90m * Create Place 
Mutation[39m[0m

The export CONTACT_RESPONSE_FIELDS was not 
found in module 
[project]/src/graphql/fragments.ts 
[app-client] (ecmascript).
Did you mean to import 
GOOGLE_FIND_PLACE_FIELDS?
All exports of the module are statically 
known (It doesn't have dynamic exports). 
So it's known statically that the 
requested export doesn't exist.

Import traces:
  Client Component Browser:
    ./src/graphql/mutations.ts [Client 
Component Browser]
    ./src/lib/api-client.ts [Client 
Component Browser]
    ./src/components/home/ContactSection/in
dex.tsx [Client Component Browser]
    ./src/components/home/ContactSection/in
dex.tsx [Server Component]
    ./src/app/explorer/page.tsx [Server 
Component]

  Client Component SSR:
    ./src/graphql/mutations.ts [Client 
Component SSR]
    ./src/lib/api-client.ts [Client 
Component SSR]
    ./src/components/home/ContactSection/in
dex.tsx [Client Component SSR]
    ./src/components/home/ContactSection/in
dex.tsx [Server Component]
    ./src/app/explorer/page.tsx [Server 
Component]


./src/graphql/mutations.ts:2:1
Export CONTACT_RESPONSE_FIELDS doesn't 
exist in target module
[0m [90m  1 |[39m [36mimport[39m { 
gql } [36mfrom[39m 
[32m"@apollo/client"[39m[33m;[39m
[31m[1m>[22m[39m[90m  2 |[39m 
[36mimport[39m {
 [90m    |[39m [31m[1m^[22m[39m[31m
[1m^[22m[39m[31m[1m^[22m[39m[31m[1m
^[22m[39m[31m[1m^[22m[39m[31m[1m^[
22m[39m[31m[1m^[22m[39m[31m[1m^[22m
[39m
[31m[1m>[22m[39m[90m  3 |[39m   
[33mPLACE_BASIC_FIELDS[39m[33m,[39m
 [90m    |[39m [31m[1m^[22m[39m[31m
[1m^[22m[39m[31m[1m^[22m[39m[31m[1m
^[22m[39m[31m[1m^[22m[39m[31m[1m^[
22m[39m[31m[1m^[22m[39m[31m[1m^[22m
[39m[31m[1m^[22m[39m[31m[1m^[22m[3
9m[31m[1m^[22m[39m[31m[1m^[22m[39m
[31m[1m^[22m[39m[31m[1m^[22m[39m[31
m[1m^[22m[39m[31m[1m^[22m[39m[31m[
1m^[22m[39m[31m[1m^[22m[39m[31m[1m^
[22m[39m[31m[1m^[22m[39m[31m[1m^[2
2m[39m
[31m[1m>[22m[39m[90m  4 |[39m   
[33mPLACE_EXTENDED_FIELDS[39m[33m,[39m
 [90m    |[39m [31m[1m^[22m[39m[31m
[1m^[22m[39m[31m[1m^[22m[39m[31m[1m
^[22m[39m[31m[1m^[22m[39m[31m[1m^[
22m[39m[31m[1m^[22m[39m[31m[1m^[22m
[39m[31m[1m^[22m[39m[31m[1m^[22m[3
9m[31m[1m^[22m[39m[31m[1m^[22m[39m
[31m[1m^[22m[39m[31m[1m^[22m[39m[31
m[1m^[22m[39m[31m[1m^[22m[39m[31m[
1m^[22m[39m[31m[1m^[22m[39m[31m[1m^
[22m[39m[31m[1m^[22m[39m[31m[1m^[2
2m[39m
[31m[1m>[22m[39m[90m  5 |[39m   
[33mPLACE_MEDIA_FIELDS[39m[33m,[39m
 [90m    |[39m [31m[1m^[22m[39m[31m
[1m^[22m[39m[31m[1m^[22m[39m[31m[1m
^[22m[39m[31m[1m^[22m[39m[31m[1m^[
22m[39m[31m[1m^[22m[39m[31m[1m^[22m
[39m[31m[1m^[22m[39m[31m[1m^[22m[3
9m[31m[1m^[22m[39m[31m[1m^[22m[39m
[31m[1m^[22m[39m[31m[1m^[22m[39m[31
m[1m^[22m[39m[31m[1m^[22m[39m[31m[
1m^[22m[39m[31m[1m^[22m[39m[31m[1m^
[22m[39m[31m[1m^[22m[39m[31m[1m^[2
2m[39m
[31m[1m>[22m[39m[90m  6 |[39m   [33m
CONTACT_RESPONSE_FIELDS[39m[33m,[39m
 [90m    |[39m [31m[1m^[22m[39m[31m
[1m^[22m[39m[31m[1m^[22m[39m[31m[1m
^[22m[39m[31m[1m^[22m[39m[31m[1m^[
22m[39m[31m[1m^[22m[39m[31m[1m^[22m
[39m[31m[1m^[22m[39m[31m[1m^[22m[3
9m[31m[1m^[22m[39m[31m[1m^[22m[39m
[31m[1m^[22m[39m[31m[1m^[22m[39m[31
m[1m^[22m[39m[31m[1m^[22m[39m[31m[
1m^[22m[39m[31m[1m^[22m[39m[31m[1m^
[22m[39m[31m[1m^[22m[39m[31m[1m^[2
2m[39m
[31m[1m>[22m[39m[90m  7 |[39m } 
[36mfrom[39m 
[32m"./fragments"[39m[33m;[39m
 [90m    |[39m [31m[1m^[22m[39m[31m
[1m^[22m[39m[31m[1m^[22m[39m[31m[1m
^[22m[39m[31m[1m^[22m[39m[31m[1m^[
22m[39m[31m[1m^[22m[39m[31m[1m^[22m
[39m[31m[1m^[22m[39m[31m[1m^[22m[3
9m[31m[1m^[22m[39m[31m[1m^[22m[39m
[31m[1m^[22m[39m[31m[1m^[22m[39m[31
m[1m^[22m[39m[31m[1m^[22m[39m[31m[
1m^[22m[39m[31m[1m^[22m[39m[31m[1m^
[22m[39m[31m[1m^[22m[39m[31m[1m^[2
2m[39m[31m[1m^[22m[39m
 [90m  8 |[39m
 [90m  9 |[39m [90m/**[39m
 [90m 10 |[39m [90m * Create Place 
Mutation[39m[0m

The export CONTACT_RESPONSE_FIELDS was not 
found in module 
[project]/src/graphql/fragments.ts 
[app-ssr] (ecmascript).
Did you mean to import 
GOOGLE_FIND_PLACE_FIELDS?
All exports of the module are statically 
known (It doesn't have dynamic exports). 
So it's known statically that the 
requested export doesn't exist.

Import traces:
  Client Component Browser:
    ./src/graphql/mutations.ts [Client 
Component Browser]
    ./src/lib/api-client.ts [Client 
Component Browser]
    ./src/components/home/ContactSection/in
dex.tsx [Client Component Browser]
    ./src/components/home/ContactSection/in
dex.tsx [Server Component]
    ./src/app/explorer/page.tsx [Server 
Component]

  Client Component SSR:
    ./src/graphql/mutations.ts [Client 
Component SSR]
    ./src/lib/api-client.ts [Client 
Component SSR]
    ./src/components/home/ContactSection/in
dex.tsx [Client Component SSR]
    ./src/components/home/ContactSection/in
dex.tsx [Server Component]
    ./src/app/explorer/page.tsx [Server 
Component]


    at <unknown> 
(./src/graphql/mutations.ts:2:1)
    at <unknown> 
(./src/graphql/mutations.ts:2:1)
