src/hooks/useDynamicCategories.ts(3,10): error TS2305: Module '"@/graphql/queries"' has no exported member 'GET_DYNAMIC_CATEGORIES'.
